gtf: 7.816725015640259
There are 55401 distinct gene ID in the gtf file
There are 142604 distinct transcript ID in the gtf file
There are 34279 one-transcript genes in the gtf file
There are 843402 exons in the gtf file
There are 26950 one-exon transcripts in the gtf file
There are 21842 one-transcript genes with only one exon in the transcript
Average number of transcripts per gene is 2.574033
Average number of exons per transcript is 5.914294
Average number of exons per transcript excluding one-exon tx is 7.059436
Average number of gene per geneGroup is 7.464226
statistic: 0.011582136154174805

read outcome totals across all BAMs
USED: 715882262
NOT_PAIRED: 0
NOT_NH_1: 168377069
NOT_EXPECTED_CIGAR: 3524667
NOT_EXPECTED_READ_LENGTH: 0
NOT_EXPECTED_STRAND: 0
EXON_NOT_MATCHED_TO_ANNOTATION: 16367824
JUNCTION_NOT_MATCHED_TO_ANNOTATION: 724607
CLIPPED: 112106029
total: 1016982458
outcomes by BAM written to: /Volumes/Untitled/NeuroSplice/results/rmats_gse117357/prefrontal/tmp/2026-02-04-19_23_28_829397_read_outcomes_by_bam.txt

novel: 419.72175121307373
The splicing graph and candidate read have been saved into /Volumes/Untitled/NeuroSplice/results/rmats_gse117357/prefrontal/tmp/2026-02-04-19_23_28_829397_*.rmats
save: 9.757601976394653
loadsg: 0.17264080047607422

==========
Done processing each gene from dictionary to compile AS events
Found 48461 exon skipping events
Found 5636 exon MX events
Found 9899 alt SS events
There are 6233 alt 3 SS events and 3666 alt 5 SS events.
Found 4268 RI events
==========

ase: 0.9628551006317139
count: 11.188034057617188
Processing count files.
Done processing count files.
