gtf: 7.930850028991699
There are 55401 distinct gene ID in the gtf file
There are 142604 distinct transcript ID in the gtf file
There are 34279 one-transcript genes in the gtf file
There are 843402 exons in the gtf file
There are 26950 one-exon transcripts in the gtf file
There are 21842 one-transcript genes with only one exon in the transcript
Average number of transcripts per gene is 2.574033
Average number of exons per transcript is 5.914294
Average number of exons per transcript excluding one-exon tx is 7.059436
Average number of gene per geneGroup is 7.464226
statistic: 0.011517047882080078

read outcome totals across all BAMs
USED: 705746687
NOT_PAIRED: 0
NOT_NH_1: 162757767
NOT_EXPECTED_CIGAR: 3515143
NOT_EXPECTED_READ_LENGTH: 0
NOT_EXPECTED_STRAND: 0
EXON_NOT_MATCHED_TO_ANNOTATION: 15580568
JUNCTION_NOT_MATCHED_TO_ANNOTATION: 754972
CLIPPED: 116229672
total: 1004584809
outcomes by BAM written to: /Volumes/Untitled/NeuroSplice/results/rmats_gse117357/hippocampus/tmp/2026-02-04-19_15_22_770191_read_outcomes_by_bam.txt

novel: 419.7611689567566
The splicing graph and candidate read have been saved into /Volumes/Untitled/NeuroSplice/results/rmats_gse117357/hippocampus/tmp/2026-02-04-19_15_22_770191_*.rmats
save: 12.263810634613037
loadsg: 0.1833808422088623

==========
Done processing each gene from dictionary to compile AS events
Found 50361 exon skipping events
Found 5977 exon MX events
Found 10023 alt SS events
There are 6280 alt 3 SS events and 3743 alt 5 SS events.
Found 4272 RI events
==========

ase: 1.0434439182281494
count: 11.63786792755127
Processing count files.
Done processing count files.
